// Jest Snapshot v1, https://goo.gl/fbAQLP

exports[`CharacterContainer component should match the snapshot 1`] = `
<section
  className="characters-cont"
>
  <CharacterCard
    key="0"
    name="Name1"
  />
</section>
`;
