// Jest Snapshot v1, https://goo.gl/fbAQLP

exports[`SelectedMovie component should match the snapshot 1`] = `
<main
  className="selected-movie"
>
  <QuoteContainer
    movie={
      Object {
        "object": "movieInfo",
      }
    }
  />
  <CharactersContainer
    characters={Array []}
  />
</main>
`;
