// Jest Snapshot v1, https://goo.gl/fbAQLP

exports[`Favorites component should match the snapshot 1`] = `
<section>
  <h1>
    Favorite Characters
  </h1>
  <CharacterCard
    key="0"
  />
</section>
`;
