// Jest Snapshot v1, https://goo.gl/fbAQLP

exports[`Quote component should match the snapshot 1`] = `
<div
  className="galaxy"
>
  <div
    className="fall"
  >
    <p>
      <i>
        3
        . 
        PHANTOM MENACE
      </i>
    </p>
  </div>
</div>
`;
